Archive member included to satisfy reference by file (symbol)

c:/st/stm32cubeide_1.10.1/stm32cubeide/plugins/com.st.stm32cube.ide.mcu.externaltools.gnu-tools-for-stm32.10.3-2021.10.win32_1.0.0.202111181127/tools/bin/../lib/gcc/arm-none-eabi/10.3.1/../../../../arm-none-eabi/lib/thumb/v7-m/nofp\libc_nano.a(lib_a-errno.o)
                              ./Core/Src/syscalls.o (__errno)
c:/st/stm32cubeide_1.10.1/stm32cubeide/plugins/com.st.stm32cube.ide.mcu.externaltools.gnu-tools-for-stm32.10.3-2021.10.win32_1.0.0.202111181127/tools/bin/../lib/gcc/arm-none-eabi/10.3.1/../../../../arm-none-eabi/lib/thumb/v7-m/nofp\libc_nano.a(lib_a-exit.o)
                              c:/st/stm32cubeide_1.10.1/stm32cubeide/plugins/com.st.stm32cube.ide.mcu.externaltools.gnu-tools-for-stm32.10.3-2021.10.win32_1.0.0.202111181127/tools/bin/../lib/gcc/arm-none-eabi/10.3.1/../../../../arm-none-eabi/lib/thumb/v7-m/nofp/crt0.o (exit)
c:/st/stm32cubeide_1.10.1/stm32cubeide/plugins/com.st.stm32cube.ide.mcu.externaltools.gnu-tools-for-stm32.10.3-2021.10.win32_1.0.0.202111181127/tools/bin/../lib/gcc/arm-none-eabi/10.3.1/../../../../arm-none-eabi/lib/thumb/v7-m/nofp\libc_nano.a(lib_a-impure.o)
                              c:/st/stm32cubeide_1.10.1/stm32cubeide/plugins/com.st.stm32cube.ide.mcu.externaltools.gnu-tools-for-stm32.10.3-2021.10.win32_1.0.0.202111181127/tools/bin/../lib/gcc/arm-none-eabi/10.3.1/../../../../arm-none-eabi/lib/thumb/v7-m/nofp\libc_nano.a(lib_a-exit.o) (_global_impure_ptr)
c:/st/stm32cubeide_1.10.1/stm32cubeide/plugins/com.st.stm32cube.ide.mcu.externaltools.gnu-tools-for-stm32.10.3-2021.10.win32_1.0.0.202111181127/tools/bin/../lib/gcc/arm-none-eabi/10.3.1/../../../../arm-none-eabi/lib/thumb/v7-m/nofp\libc_nano.a(lib_a-init.o)
                              c:/st/stm32cubeide_1.10.1/stm32cubeide/plugins/com.st.stm32cube.ide.mcu.externaltools.gnu-tools-for-stm32.10.3-2021.10.win32_1.0.0.202111181127/tools/bin/../lib/gcc/arm-none-eabi/10.3.1/../../../../arm-none-eabi/lib/thumb/v7-m/nofp/crt0.o (__libc_init_array)
c:/st/stm32cubeide_1.10.1/stm32cubeide/plugins/com.st.stm32cube.ide.mcu.externaltools.gnu-tools-for-stm32.10.3-2021.10.win32_1.0.0.202111181127/tools/bin/../lib/gcc/arm-none-eabi/10.3.1/../../../../arm-none-eabi/lib/thumb/v7-m/nofp\libc_nano.a(lib_a-memset.o)
                              c:/st/stm32cubeide_1.10.1/stm32cubeide/plugins/com.st.stm32cube.ide.mcu.externaltools.gnu-tools-for-stm32.10.3-2021.10.win32_1.0.0.202111181127/tools/bin/../lib/gcc/arm-none-eabi/10.3.1/../../../../arm-none-eabi/lib/thumb/v7-m/nofp/crt0.o (memset)

Discarded input sections

 .text          0x0000000000000000        0x0 c:/st/stm32cubeide_1.10.1/stm32cubeide/plugins/com.st.stm32cube.ide.mcu.externaltools.gnu-tools-for-stm32.10.3-2021.10.win32_1.0.0.202111181127/tools/bin/../lib/gcc/arm-none-eabi/10.3.1/thumb/v7-m/nofp/crti.o
 .data          0x0000000000000000        0x0 c:/st/stm32cubeide_1.10.1/stm32cubeide/plugins/com.st.stm32cube.ide.mcu.externaltools.gnu-tools-for-stm32.10.3-2021.10.win32_1.0.0.202111181127/tools/bin/../lib/gcc/arm-none-eabi/10.3.1/thumb/v7-m/nofp/crti.o
 .bss           0x0000000000000000        0x0 c:/st/stm32cubeide_1.10.1/stm32cubeide/plugins/com.st.stm32cube.ide.mcu.externaltools.gnu-tools-for-stm32.10.3-2021.10.win32_1.0.0.202111181127/tools/bin/../lib/gcc/arm-none-eabi/10.3.1/thumb/v7-m/nofp/crti.o
 .data          0x0000000000000000        0x4 c:/st/stm32cubeide_1.10.1/stm32cubeide/plugins/com.st.stm32cube.ide.mcu.externaltools.gnu-tools-for-stm32.10.3-2021.10.win32_1.0.0.202111181127/tools/bin/../lib/gcc/arm-none-eabi/10.3.1/thumb/v7-m/nofp/crtbegin.o
 .rodata        0x0000000000000000       0x24 c:/st/stm32cubeide_1.10.1/stm32cubeide/plugins/com.st.stm32cube.ide.mcu.externaltools.gnu-tools-for-stm32.10.3-2021.10.win32_1.0.0.202111181127/tools/bin/../lib/gcc/arm-none-eabi/10.3.1/thumb/v7-m/nofp/crtbegin.o
 .text          0x0000000000000000       0x7c c:/st/stm32cubeide_1.10.1/stm32cubeide/plugins/com.st.stm32cube.ide.mcu.externaltools.gnu-tools-for-stm32.10.3-2021.10.win32_1.0.0.202111181127/tools/bin/../lib/gcc/arm-none-eabi/10.3.1/../../../../arm-none-eabi/lib/thumb/v7-m/nofp/crt0.o
 .data          0x0000000000000000        0x0 c:/st/stm32cubeide_1.10.1/stm32cubeide/plugins/com.st.stm32cube.ide.mcu.externaltools.gnu-tools-for-stm32.10.3-2021.10.win32_1.0.0.202111181127/tools/bin/../lib/gcc/arm-none-eabi/10.3.1/../../../../arm-none-eabi/lib/thumb/v7-m/nofp/crt0.o
 .bss           0x0000000000000000        0x0 c:/st/stm32cubeide_1.10.1/stm32cubeide/plugins/com.st.stm32cube.ide.mcu.externaltools.gnu-tools-for-stm32.10.3-2021.10.win32_1.0.0.202111181127/tools/bin/../lib/gcc/arm-none-eabi/10.3.1/../../../../arm-none-eabi/lib/thumb/v7-m/nofp/crt0.o
[...]
Memory Configuration

Name             Origin             Length             Attributes
RAM              0x0000000020000000 0x0000000000005000 xrw
FLASH            0x0000000008000000 0x0000000000010000 xr
*default*        0x0000000000000000 0xffffffffffffffff

Linker script and memory map

LOAD c:/st/stm32cubeide_1.10.1/stm32cubeide/plugins/com.st.stm32cube.ide.mcu.externaltools.gnu-tools-for-stm32.10.3-2021.10.win32_1.0.0.202111181127/tools/bin/../lib/gcc/arm-none-eabi/10.3.1/thumb/v7-m/nofp/crti.o
LOAD c:/st/stm32cubeide_1.10.1/stm32cubeide/plugins/com.st.stm32cube.ide.mcu.externaltools.gnu-tools-for-stm32.10.3-2021.10.win32_1.0.0.202111181127/tools/bin/../lib/gcc/arm-none-eabi/10.3.1/thumb/v7-m/nofp/crtbegin.o
LOAD c:/st/stm32cubeide_1.10.1/stm32cubeide/plugins/com.st.stm32cube.ide.mcu.externaltools.gnu-tools-for-stm32.10.3-2021.10.win32_1.0.0.202111181127/tools/bin/../lib/gcc/arm-none-eabi/10.3.1/../../../../arm-none-eabi/lib/thumb/v7-m/nofp/crt0.o
LOAD ./Core/Src/main.o
LOAD ./Core/Src/stm32f1xx_hal_msp.o
LOAD ./Core/Src/stm32f1xx_it.o
LOAD ./Core/Src/syscalls.o
LOAD ./Core/Src/sysmem.o
LOAD ./Core/Src/system_stm32f1xx.o
LOAD ./Core/Startup/startup_stm32f103c8tx.o
LOAD ./Drivers/STM32F1xx_HAL_Driver/Src/stm32f1xx_hal.o
LOAD ./Drivers/STM32F1xx_HAL_Driver/Src/stm32f1xx_hal_cortex.o
LOAD ./Drivers/STM32F1xx_HAL_Driver/Src/stm32f1xx_hal_dma.o
LOAD ./Drivers/STM32F1xx_HAL_Driver/Src/stm32f1xx_hal_exti.o
LOAD ./Drivers/STM32F1xx_HAL_Driver/Src/stm32f1xx_hal_flash.o
LOAD ./Drivers/STM32F1xx_HAL_Driver/Src/stm32f1xx_hal_flash_ex.o
LOAD ./Drivers/STM32F1xx_HAL_Driver/Src/stm32f1xx_hal_gpio.o
LOAD ./Drivers/STM32F1xx_HAL_Driver/Src/stm32f1xx_hal_gpio_ex.o
LOAD ./Drivers/STM32F1xx_HAL_Driver/Src/stm32f1xx_hal_pwr.o
LOAD ./Drivers/STM32F1xx_HAL_Driver/Src/stm32f1xx_hal_rcc.o
LOAD ./Drivers/STM32F1xx_HAL_Driver/Src/stm32f1xx_hal_rcc_ex.o
START GROUP
LOAD c:/st/stm32cubeide_1.10.1/stm32cubeide/plugins/com.st.stm32cube.ide.mcu.externaltools.gnu-tools-for-stm32.10.3-2021.10.win32_1.0.0.202111181127/tools/bin/../lib/gcc/arm-none-eabi/10.3.1/../../../../arm-none-eabi/lib/thumb/v7-m/nofp\libstdc++_nano.a
LOAD c:/st/stm32cubeide_1.10.1/stm32cubeide/plugins/com.st.stm32cube.ide.mcu.externaltools.gnu-tools-for-stm32.10.3-2021.10.win32_1.0.0.202111181127/tools/bin/../lib/gcc/arm-none-eabi/10.3.1/../../../../arm-none-eabi/lib/thumb/v7-m/nofp\libsupc++_nano.a
END GROUP
LOAD c:/st/stm32cubeide_1.10.1/stm32cubeide/plugins/com.st.stm32cube.ide.mcu.externaltools.gnu-tools-for-stm32.10.3-2021.10.win32_1.0.0.202111181127/tools/bin/../lib/gcc/arm-none-eabi/10.3.1/../../../../arm-none-eabi/lib/thumb/v7-m/nofp\libstdc++_nano.a
LOAD c:/st/stm32cubeide_1.10.1/stm32cubeide/plugins/com.st.stm32cube.ide.mcu.externaltools.gnu-tools-for-stm32.10.3-2021.10.win32_1.0.0.202111181127/tools/bin/../lib/gcc/arm-none-eabi/10.3.1/../../../../arm-none-eabi/lib/thumb/v7-m/nofp\libm.a
LOAD c:/st/stm32cubeide_1.10.1/stm32cubeide/plugins/com.st.stm32cube.ide.mcu.externaltools.gnu-tools-for-stm32.10.3-2021.10.win32_1.0.0.202111181127/tools/bin/../lib/gcc/arm-none-eabi/10.3.1/../../../../arm-none-eabi/lib/thumb/v7-m/nofp\libc_nano.a
START GROUP
LOAD c:/st/stm32cubeide_1.10.1/stm32cubeide/plugins/com.st.stm32cube.ide.mcu.externaltools.gnu-tools-for-stm32.10.3-2021.10.win32_1.0.0.202111181127/tools/bin/../lib/gcc/arm-none-eabi/10.3.1/thumb/v7-m/nofp\libgcc.a
LOAD c:/st/stm32cubeide_1.10.1/stm32cubeide/plugins/com.st.stm32cube.ide.mcu.externaltools.gnu-tools-for-stm32.10.3-2021.10.win32_1.0.0.202111181127/tools/bin/../lib/gcc/arm-none-eabi/10.3.1/../../../../arm-none-eabi/lib/thumb/v7-m/nofp\libc_nano.a
END GROUP
START GROUP
LOAD c:/st/stm32cubeide_1.10.1/stm32cubeide/plugins/com.st.stm32cube.ide.mcu.externaltools.gnu-tools-for-stm32.10.3-2021.10.win32_1.0.0.202111181127/tools/bin/../lib/gcc/arm-none-eabi/10.3.1/thumb/v7-m/nofp\libgcc.a
LOAD c:/st/stm32cubeide_1.10.1/stm32cubeide/plugins/com.st.stm32cube.ide.mcu.externaltools.gnu-tools-for-stm32.10.3-2021.10.win32_1.0.0.202111181127/tools/bin/../lib/gcc/arm-none-eabi/10.3.1/../../../../arm-none-eabi/lib/thumb/v7-m/nofp\libc_nano.a
LOAD c:/st/stm32cubeide_1.10.1/stm32cubeide/plugins/com.st.stm32cube.ide.mcu.externaltools.gnu-tools-for-stm32.10.3-2021.10.win32_1.0.0.202111181127/tools/bin/../lib/gcc/arm-none-eabi/10.3.1/../../../../arm-none-eabi/lib/thumb/v7-m/nofp\libnosys.a
END GROUP
START GROUP
LOAD c:/st/stm32cubeide_1.10.1/stm32cubeide/plugins/com.st.stm32cube.ide.mcu.externaltools.gnu-tools-for-stm32.10.3-2021.10.win32_1.0.0.202111181127/tools/bin/../lib/gcc/arm-none-eabi/10.3.1/thumb/v7-m/nofp\libgcc.a
LOAD c:/st/stm32cubeide_1.10.1/stm32cubeide/plugins/com.st.stm32cube.ide.mcu.externaltools.gnu-tools-for-stm32.10.3-2021.10.win32_1.0.0.202111181127/tools/bin/../lib/gcc/arm-none-eabi/10.3.1/../../../../arm-none-eabi/lib/thumb/v7-m/nofp\libc_nano.a
LOAD c:/st/stm32cubeide_1.10.1/stm32cubeide/plugins/com.st.stm32cube.ide.mcu.externaltools.gnu-tools-for-stm32.10.3-2021.10.win32_1.0.0.202111181127/tools/bin/../lib/gcc/arm-none-eabi/10.3.1/../../../../arm-none-eabi/lib/thumb/v7-m/nofp\libnosys.a
END GROUP
LOAD c:/st/stm32cubeide_1.10.1/stm32cubeide/plugins/com.st.stm32cube.ide.mcu.externaltools.gnu-tools-for-stm32.10.3-2021.10.win32_1.0.0.202111181127/tools/bin/../lib/gcc/arm-none-eabi/10.3.1/thumb/v7-m/nofp/crtend.o
LOAD c:/st/stm32cubeide_1.10.1/stm32cubeide/plugins/com.st.stm32cube.ide.mcu.externaltools.gnu-tools-for-stm32.10.3-2021.10.win32_1.0.0.202111181127/tools/bin/../lib/gcc/arm-none-eabi/10.3.1/thumb/v7-m/nofp/crtn.o
                0x0000000020005000                _estack = (ORIGIN (RAM) + LENGTH (RAM))
                0x0000000000000200                _Min_Heap_Size = 0x200
                0x0000000000000400                _Min_Stack_Size = 0x400

.isr_vector     0x0000000008000000      0x10c
                0x0000000008000000                . = ALIGN (0x4)
 *(.isr_vector)
 .isr_vector    0x0000000008000000      0x10c ./Core/Startup/startup_stm32f103c8tx.o
                0x0000000008000000                g_pfnVectors
                0x000000000800010c                . = ALIGN (0x4)

.text           0x000000000800010c      0x32c
                0x000000000800010c                . = ALIGN (0x4)
 *(.text)
 .text          0x000000000800010c       0x40 c:/st/stm32cubeide_1.10.1/stm32cubeide/plugins/com.st.stm32cube.ide.mcu.externaltools.gnu-tools-for-stm32.10.3-2021.10.win32_1.0.0.202111181127/tools/bin/../lib/gcc/arm-none-eabi/10.3.1/thumb/v7-m/nofp/crtbegin.o
 *(.text*)
 .text.main     0x000000000800014c       0x34 ./Core/Src/main.o
                0x000000000800014c                main
 .text.ADC1_INIT
                0x0000000008000180       0xd4 ./Core/Src/main.o
                0x0000000008000180                ADC1_INIT
 .text.ADC1_READ
                0x0000000008000254       0x48 ./Core/Src/main.o
                0x0000000008000254                ADC1_READ
 .text.LED_INIT
                0x000000000800029c       0x18 ./Core/Src/main.o
                0x000000000800029c                LED_INIT
 .text.LED_LIGHT
                0x00000000080002b4       0x58 ./Core/Src/main.o
                0x00000000080002b4                LED_LIGHT
 .text.NMI_Handler
                0x000000000800030c        0x6 ./Core/Src/stm32f1xx_it.o
                0x000000000800030c                NMI_Handler
 .text.HardFault_Handler
                0x0000000008000312        0x6 ./Core/Src/stm32f1xx_it.o
                0x0000000008000312                HardFault_Handler
 .text.MemManage_Handler
                0x0000000008000318        0x6 ./Core/Src/stm32f1xx_it.o
                0x0000000008000318                MemManage_Handler
 .text.BusFault_Handler
                0x000000000800031e        0x6 ./Core/Src/stm32f1xx_it.o
                0x000000000800031e                BusFault_Handler
 .text.UsageFault_Handler
                0x0000000008000324        0x6 ./Core/Src/stm32f1xx_it.o
                0x0000000008000324                UsageFault_Handler
 .text.SVC_Handler
                0x000000000800032a        0xc ./Core/Src/stm32f1xx_it.o
                0x000000000800032a                SVC_Handler
 .text.DebugMon_Handler
                0x0000000008000336        0xc ./Core/Src/stm32f1xx_it.o
                0x0000000008000336                DebugMon_Handler
 .text.PendSV_Handler
                0x0000000008000342        0xc ./Core/Src/stm32f1xx_it.o
                0x0000000008000342                PendSV_Handler
 .text.SysTick_Handler
                0x000000000800034e        0xc ./Core/Src/stm32f1xx_it.o
                0x000000000800034e                SysTick_Handler
 .text.SystemInit
                0x000000000800035a        0xc ./Core/Src/system_stm32f1xx.o
                0x000000000800035a                SystemInit
 *fill*         0x0000000008000366        0x2 
 .text.Reset_Handler
                0x0000000008000368       0x48 ./Core/Startup/startup_stm32f103c8tx.o
                0x0000000008000368                Reset_Handler
 .text.Default_Handler
                0x00000000080003b0        0x2 ./Core/Startup/startup_stm32f103c8tx.o
                0x00000000080003b0                RTC_Alarm_IRQHandler
                0x00000000080003b0                EXTI2_IRQHandler
                0x00000000080003b0                TIM1_CC_IRQHandler
                0x00000000080003b0                PVD_IRQHandler
                0x00000000080003b0                EXTI3_IRQHandler
                0x00000000080003b0                EXTI0_IRQHandler
                0x00000000080003b0                I2C2_EV_IRQHandler
                0x00000000080003b0                ADC1_2_IRQHandler
                0x00000000080003b0                SPI1_IRQHandler
                0x00000000080003b0                TAMPER_IRQHandler
                0x00000000080003b0                DMA1_Channel4_IRQHandler
                0x00000000080003b0                USART3_IRQHandler
                0x00000000080003b0                RTC_IRQHandler
                0x00000000080003b0                DMA1_Channel7_IRQHandler
                0x00000000080003b0                CAN1_RX1_IRQHandler
                0x00000000080003b0                TIM4_IRQHandler
                0x00000000080003b0                I2C1_EV_IRQHandler
                0x00000000080003b0                DMA1_Channel6_IRQHandler
                0x00000000080003b0                TIM3_IRQHandler
                0x00000000080003b0                RCC_IRQHandler
                0x00000000080003b0                TIM1_TRG_COM_IRQHandler
                0x00000000080003b0                DMA1_Channel1_IRQHandler
                0x00000000080003b0                Default_Handler
                0x00000000080003b0                EXTI15_10_IRQHandler
                0x00000000080003b0                EXTI9_5_IRQHandler
                0x00000000080003b0                SPI2_IRQHandler
                0x00000000080003b0                DMA1_Channel5_IRQHandler
                0x00000000080003b0                EXTI4_IRQHandler
                0x00000000080003b0                USB_LP_CAN1_RX0_IRQHandler
                0x00000000080003b0                USB_HP_CAN1_TX_IRQHandler
                0x00000000080003b0                DMA1_Channel3_IRQHandler
                0x00000000080003b0                TIM1_UP_IRQHandler
                0x00000000080003b0                WWDG_IRQHandler
                0x00000000080003b0                TIM2_IRQHandler
                0x00000000080003b0                TIM1_BRK_IRQHandler
                0x00000000080003b0                EXTI1_IRQHandler
                0x00000000080003b0                USART2_IRQHandler
                0x00000000080003b0                I2C2_ER_IRQHandler
                0x00000000080003b0                DMA1_Channel2_IRQHandler
                0x00000000080003b0                CAN1_SCE_IRQHandler
                0x00000000080003b0                FLASH_IRQHandler
                0x00000000080003b0                USART1_IRQHandler
                0x00000000080003b0                I2C1_ER_IRQHandler
                0x00000000080003b0                USBWakeUp_IRQHandler
 *fill*         0x00000000080003b2        0x2 
 .text.HAL_IncTick
                0x00000000080003b4       0x24 ./Drivers/STM32F1xx_HAL_Driver/Src/stm32f1xx_hal.o
                0x00000000080003b4                HAL_IncTick
 .text.__libc_init_array
                0x00000000080003d8       0x48 c:/st/stm32cubeide_1.10.1/stm32cubeide/plugins/com.st.stm32cube.ide.mcu.externaltools.gnu-tools-for-stm32.10.3-2021.10.win32_1.0.0.202111181127/tools/bin/../lib/gcc/arm-none-eabi/10.3.1/../../../../arm-none-eabi/lib/thumb/v7-m/nofp\libc_nano.a(lib_a-init.o)
                0x00000000080003d8                __libc_init_array
 *(.glue_7)
 .glue_7        0x0000000008000420        0x0 linker stubs
 *(.glue_7t)
 .glue_7t       0x0000000008000420        0x0 linker stubs
 *(.eh_frame)
 .eh_frame      0x0000000008000420        0x0 c:/st/stm32cubeide_1.10.1/stm32cubeide/plugins/com.st.stm32cube.ide.mcu.externaltools.gnu-tools-for-stm32.10.3-2021.10.win32_1.0.0.202111181127/tools/bin/../lib/gcc/arm-none-eabi/10.3.1/thumb/v7-m/nofp/crtbegin.o
 *(.init)
 .init          0x0000000008000420        0x4 c:/st/stm32cubeide_1.10.1/stm32cubeide/plugins/com.st.stm32cube.ide.mcu.externaltools.gnu-tools-for-stm32.10.3-2021.10.win32_1.0.0.202111181127/tools/bin/../lib/gcc/arm-none-eabi/10.3.1/thumb/v7-m/nofp/crti.o
                0x0000000008000420                _init
 .init          0x0000000008000424        0x8 c:/st/stm32cubeide_1.10.1/stm32cubeide/plugins/com.st.stm32cube.ide.mcu.externaltools.gnu-tools-for-stm32.10.3-2021.10.win32_1.0.0.202111181127/tools/bin/../lib/gcc/arm-none-eabi/10.3.1/thumb/v7-m/nofp/crtn.o
 *(.fini)
 .fini          0x000000000800042c        0x4 c:/st/stm32cubeide_1.10.1/stm32cubeide/plugins/com.st.stm32cube.ide.mcu.externaltools.gnu-tools-for-stm32.10.3-2021.10.win32_1.0.0.202111181127/tools/bin/../lib/gcc/arm-none-eabi/10.3.1/thumb/v7-m/nofp/crti.o
                0x000000000800042c                _fini
 .fini          0x0000000008000430        0x8 c:/st/stm32cubeide_1.10.1/stm32cubeide/plugins/com.st.stm32cube.ide.mcu.externaltools.gnu-tools-for-stm32.10.3-2021.10.win32_1.0.0.202111181127/tools/bin/../lib/gcc/arm-none-eabi/10.3.1/thumb/v7-m/nofp/crtn.o
                0x0000000008000438                . = ALIGN (0x4)
                0x0000000008000438                _etext = .

.vfp11_veneer   0x0000000008000438        0x0
 .vfp11_veneer  0x0000000008000438        0x0 linker stubs

.v4_bx          0x0000000008000438        0x0
 .v4_bx         0x0000000008000438        0x0 linker stubs

.iplt           0x0000000008000438        0x0
 .iplt          0x0000000008000438        0x0 c:/st/stm32cubeide_1.10.1/stm32cubeide/plugins/com.st.stm32cube.ide.mcu.externaltools.gnu-tools-for-stm32.10.3-2021.10.win32_1.0.0.202111181127/tools/bin/../lib/gcc/arm-none-eabi/10.3.1/thumb/v7-m/nofp/crtbegin.o

.rel.dyn        0x0000000008000438        0x0
 .rel.iplt      0x0000000008000438        0x0 c:/st/stm32cubeide_1.10.1/stm32cubeide/plugins/com.st.stm32cube.ide.mcu.externaltools.gnu-tools-for-stm32.10.3-2021.10.win32_1.0.0.202111181127/tools/bin/../lib/gcc/arm-none-eabi/10.3.1/thumb/v7-m/nofp/crtbegin.o

.rodata         0x0000000008000438        0x0
                0x0000000008000438                . = ALIGN (0x4)
 *(.rodata)
 *(.rodata*)
                0x0000000008000438                . = ALIGN (0x4)

.ARM.extab      0x0000000008000438        0x0
                0x0000000008000438                . = ALIGN (0x4)
 *(.ARM.extab* .gnu.linkonce.armextab.*)
                0x0000000008000438                . = ALIGN (0x4)

.ARM            0x0000000008000438        0x0
                0x0000000008000438                . = ALIGN (0x4)
                0x0000000008000438                __exidx_start = .
 *(.ARM.exidx*)
                0x0000000008000438                __exidx_end = .
                0x0000000008000438                . = ALIGN (0x4)

.preinit_array  0x0000000008000438        0x0
                0x0000000008000438                . = ALIGN (0x4)
                0x0000000008000438                PROVIDE (__preinit_array_start = .)
 *(.preinit_array*)
                0x0000000008000438                PROVIDE (__preinit_array_end = .)
                0x0000000008000438                . = ALIGN (0x4)

.init_array     0x0000000008000438        0x4
                0x0000000008000438                . = ALIGN (0x4)
                0x0000000008000438                PROVIDE (__init_array_start = .)
 *(SORT_BY_NAME(.init_array.*))
 *(.init_array*)
 .init_array    0x0000000008000438        0x4 c:/st/stm32cubeide_1.10.1/stm32cubeide/plugins/com.st.stm32cube.ide.mcu.externaltools.gnu-tools-for-stm32.10.3-2021.10.win32_1.0.0.202111181127/tools/bin/../lib/gcc/arm-none-eabi/10.3.1/thumb/v7-m/nofp/crtbegin.o
                0x000000000800043c                PROVIDE (__init_array_end = .)
                0x000000000800043c                . = ALIGN (0x4)

.fini_array     0x000000000800043c        0x4
                0x000000000800043c                . = ALIGN (0x4)
                [!provide]                        PROVIDE (__fini_array_start = .)
 *(SORT_BY_NAME(.fini_array.*))
 *(.fini_array*)
 .fini_array    0x000000000800043c        0x4 c:/st/stm32cubeide_1.10.1/stm32cubeide/plugins/com.st.stm32cube.ide.mcu.externaltools.gnu-tools-for-stm32.10.3-2021.10.win32_1.0.0.202111181127/tools/bin/../lib/gcc/arm-none-eabi/10.3.1/thumb/v7-m/nofp/crtbegin.o
                [!provide]                        PROVIDE (__fini_array_end = .)
                0x0000000008000440                . = ALIGN (0x4)
                0x0000000008000440                _sidata = LOADADDR (.data)

.data           0x0000000020000000        0x4 load address 0x0000000008000440
                0x0000000020000000                . = ALIGN (0x4)
                0x0000000020000000                _sdata = .
 *(.data)
 *(.data*)
 .data.uwTickFreq
                0x0000000020000000        0x1 ./Drivers/STM32F1xx_HAL_Driver/Src/stm32f1xx_hal.o
                0x0000000020000000                uwTickFreq
 *(.RamFunc)
 *(.RamFunc*)
                0x0000000020000004                . = ALIGN (0x4)
 *fill*         0x0000000020000001        0x3 
                0x0000000020000004                _edata = .

.igot.plt       0x0000000020000004        0x0 load address 0x0000000008000444
 .igot.plt      0x0000000020000004        0x0 c:/st/stm32cubeide_1.10.1/stm32cubeide/plugins/com.st.stm32cube.ide.mcu.externaltools.gnu-tools-for-stm32.10.3-2021.10.win32_1.0.0.202111181127/tools/bin/../lib/gcc/arm-none-eabi/10.3.1/thumb/v7-m/nofp/crtbegin.o
                0x0000000020000004                . = ALIGN (0x4)

.bss            0x0000000020000004       0x24 load address 0x0000000008000444
                0x0000000020000004                _sbss = .
                0x0000000020000004                __bss_start__ = _sbss
 *(.bss)
 .bss           0x0000000020000004       0x1c c:/st/stm32cubeide_1.10.1/stm32cubeide/plugins/com.st.stm32cube.ide.mcu.externaltools.gnu-tools-for-stm32.10.3-2021.10.win32_1.0.0.202111181127/tools/bin/../lib/gcc/arm-none-eabi/10.3.1/thumb/v7-m/nofp/crtbegin.o
 *(.bss*)
 .bss.ADC1_VAL  0x0000000020000020        0x4 ./Core/Src/main.o
                0x0000000020000020                ADC1_VAL
 .bss.uwTick    0x0000000020000024        0x4 ./Drivers/STM32F1xx_HAL_Driver/Src/stm32f1xx_hal.o
                0x0000000020000024                uwTick
 *(COMMON)
                0x0000000020000028                . = ALIGN (0x4)
                0x0000000020000028                _ebss = .
                0x0000000020000028                __bss_end__ = _ebss

._user_heap_stack
                0x0000000020000028      0x600 load address 0x0000000008000444
                0x0000000020000028                . = ALIGN (0x8)
                [!provide]                        PROVIDE (end = .)
                0x0000000020000028                PROVIDE (_end = .)
                0x0000000020000228                . = (. + _Min_Heap_Size)
 *fill*         0x0000000020000028      0x200 
                0x0000000020000628                . = (. + _Min_Stack_Size)
 *fill*         0x0000000020000228      0x400 
                0x0000000020000628                . = ALIGN (0x8)

/DISCARD/
 libc.a(*)
 libm.a(*)
 libgcc.a(*)

.ARM.attributes
                0x0000000000000000       0x29
 *(.ARM.attributes)
 .ARM.attributes
                0x0000000000000000       0x1d c:/st/stm32cubeide_1.10.1/stm32cubeide/plugins/com.st.stm32cube.ide.mcu.externaltools.gnu-tools-for-stm32.10.3-2021.10.win32_1.0.0.202111181127/tools/bin/../lib/gcc/arm-none-eabi/10.3.1/thumb/v7-m/nofp/crti.o
 .ARM.attributes
                0x000000000000001d       0x2d c:/st/stm32cubeide_1.10.1/stm32cubeide/plugins/com.st.stm32cube.ide.mcu.externaltools.gnu-tools-for-stm32.10.3-2021.10.win32_1.0.0.202111181127/tools/bin/../lib/gcc/arm-none-eabi/10.3.1/thumb/v7-m/nofp/crtbegin.o
 .ARM.attributes
                0x000000000000004a       0x2d ./Core/Src/main.o
 .ARM.attributes
                0x0000000000000077       0x2d ./Core/Src/stm32f1xx_it.o
 .ARM.attributes
                0x00000000000000a4       0x2d ./Core/Src/system_stm32f1xx.o
 .ARM.attributes
                0x00000000000000d1       0x21 ./Core/Startup/startup_stm32f103c8tx.o
 .ARM.attributes
                0x00000000000000f2       0x2d ./Drivers/STM32F1xx_HAL_Driver/Src/stm32f1xx_hal.o
 .ARM.attributes
                0x000000000000011f       0x2d c:/st/stm32cubeide_1.10.1/stm32cubeide/plugins/com.st.stm32cube.ide.mcu.externaltools.gnu-tools-for-stm32.10.3-2021.10.win32_1.0.0.202111181127/tools/bin/../lib/gcc/arm-none-eabi/10.3.1/../../../../arm-none-eabi/lib/thumb/v7-m/nofp\libc_nano.a(lib_a-init.o)
 .ARM.attributes
                0x000000000000014c       0x1d c:/st/stm32cubeide_1.10.1/stm32cubeide/plugins/com.st.stm32cube.ide.mcu.externaltools.gnu-tools-for-stm32.10.3-2021.10.win32_1.0.0.202111181127/tools/bin/../lib/gcc/arm-none-eabi/10.3.1/thumb/v7-m/nofp/crtn.o
OUTPUT(PROJ1_Motion_detector_sensor.elf elf32-littlearm)
LOAD linker stubs
LOAD c:/st/stm32cubeide_1.10.1/stm32cubeide/plugins/com.st.stm32cube.ide.mcu.externaltools.gnu-tools-for-stm32.10.3-2021.10.win32_1.0.0.202111181127/tools/bin/../lib/gcc/arm-none-eabi/10.3.1/../../../../arm-none-eabi/lib/thumb/v7-m/nofp\libc.a
LOAD c:/st/stm32cubeide_1.10.1/stm32cubeide/plugins/com.st.stm32cube.ide.mcu.externaltools.gnu-tools-for-stm32.10.3-2021.10.win32_1.0.0.202111181127/tools/bin/../lib/gcc/arm-none-eabi/10.3.1/../../../../arm-none-eabi/lib/thumb/v7-m/nofp\libm.a
LOAD c:/st/stm32cubeide_1.10.1/stm32cubeide/plugins/com.st.stm32cube.ide.mcu.externaltools.gnu-tools-for-stm32.10.3-2021.10.win32_1.0.0.202111181127/tools/bin/../lib/gcc/arm-none-eabi/10.3.1/thumb/v7-m/nofp\libgcc.a

.debug_info     0x0000000000000000     0x1024
 .debug_info    0x0000000000000000      0x56f ./Core/Src/main.o
 .debug_info    0x000000000000056f      0x122 ./Core/Src/stm32f1xx_it.o
 .debug_info    0x0000000000000691      0x23d ./Core/Src/system_stm32f1xx.o
 .debug_info    0x00000000000008ce       0x22 ./Core/Startup/startup_stm32f103c8tx.o
 .debug_info    0x00000000000008f0      0x734 ./Drivers/STM32F1xx_HAL_Driver/Src/stm32f1xx_hal.o

.debug_abbrev   0x0000000000000000      0x5b5
 .debug_abbrev  0x0000000000000000      0x1f9 ./Core/Src/main.o
 .debug_abbrev  0x00000000000001f9       0x74 ./Core/Src/stm32f1xx_it.o
 .debug_abbrev  0x000000000000026d      0x13b ./Core/Src/system_stm32f1xx.o
 .debug_abbrev  0x00000000000003a8       0x12 ./Core/Startup/startup_stm32f103c8tx.o
 .debug_abbrev  0x00000000000003ba      0x1fb ./Drivers/STM32F1xx_HAL_Driver/Src/stm32f1xx_hal.o

.debug_aranges  0x0000000000000000      0x1e0
 .debug_aranges
                0x0000000000000000       0x50 ./Core/Src/main.o
 .debug_aranges
                0x0000000000000050       0x60 ./Core/Src/stm32f1xx_it.o
 .debug_aranges
                0x00000000000000b0       0x28 ./Core/Src/system_stm32f1xx.o
 .debug_aranges
                0x00000000000000d8       0x28 ./Core/Startup/startup_stm32f103c8tx.o
 .debug_aranges
                0x0000000000000100       0xe0 ./Drivers/STM32F1xx_HAL_Driver/Src/stm32f1xx_hal.o

.debug_ranges   0x0000000000000000      0x198
 .debug_ranges  0x0000000000000000       0x40 ./Core/Src/main.o
 .debug_ranges  0x0000000000000040       0x50 ./Core/Src/stm32f1xx_it.o
 .debug_ranges  0x0000000000000090       0x18 ./Core/Src/system_stm32f1xx.o
 .debug_ranges  0x00000000000000a8       0x20 ./Core/Startup/startup_stm32f103c8tx.o
 .debug_ranges  0x00000000000000c8       0xd0 ./Drivers/STM32F1xx_HAL_Driver/Src/stm32f1xx_hal.o

.debug_macro    0x0000000000000000    0x1520a
 .debug_macro   0x0000000000000000      0x18e ./Core/Src/main.o
 .debug_macro   0x000000000000018e      0xa6c ./Core/Src/main.o
 .debug_macro   0x0000000000000bfa      0x209 ./Core/Src/main.o
 .debug_macro   0x0000000000000e03       0x2e ./Core/Src/main.o
 .debug_macro   0x0000000000000e31       0x22 ./Core/Src/main.o
 .debug_macro   0x0000000000000e53       0x22 ./Core/Src/main.o
 .debug_macro   0x0000000000000e75       0x8e ./Core/Src/main.o
 .debug_macro   0x0000000000000f03       0x51 ./Core/Src/main.o
 .debug_macro   0x0000000000000f54      0x103 ./Core/Src/main.o
 .debug_macro   0x0000000000001057       0x6a ./Core/Src/main.o
 .debug_macro   0x00000000000010c1      0x1df ./Core/Src/main.o
 .debug_macro   0x00000000000012a0       0x1c ./Core/Src/main.o
 .debug_macro   0x00000000000012bc       0x22 ./Core/Src/main.o
 .debug_macro   0x00000000000012de       0xbd ./Core/Src/main.o
 .debug_macro   0x000000000000139b      0xd23 ./Core/Src/main.o
 .debug_macro   0x00000000000020be     0xe09e ./Core/Src/main.o
 .debug_macro   0x000000000001015c       0x6d ./Core/Src/main.o
 .debug_macro   0x00000000000101c9     0x3468 ./Core/Src/main.o
 .debug_macro   0x0000000000013631      0x174 ./Core/Src/main.o
 .debug_macro   0x00000000000137a5       0x5c ./Core/Src/main.o
 .debug_macro   0x0000000000013801      0x5be ./Core/Src/main.o
 .debug_macro   0x0000000000013dbf      0x289 ./Core/Src/main.o
 .debug_macro   0x0000000000014048      0x1cb ./Core/Src/main.o
 .debug_macro   0x0000000000014213      0x114 ./Core/Src/main.o
 .debug_macro   0x0000000000014327      0x1b2 ./Core/Src/main.o
 .debug_macro   0x00000000000144d9       0x27 ./Core/Src/main.o
 .debug_macro   0x0000000000014500      0x136 ./Core/Src/main.o
 .debug_macro   0x0000000000014636      0x1bc ./Core/Src/main.o
 .debug_macro   0x00000000000147f2       0x34 ./Core/Src/main.o
 .debug_macro   0x0000000000014826       0x3c ./Core/Src/main.o
 .debug_macro   0x0000000000014862       0x57 ./Core/Src/main.o
 .debug_macro   0x00000000000148b9       0x88 ./Core/Src/main.o
 .debug_macro   0x0000000000014941      0x241 ./Core/Src/main.o
 .debug_macro   0x0000000000014b82      0x141 ./Core/Src/main.o
 .debug_macro   0x0000000000014cc3       0x83 ./Core/Src/main.o
 .debug_macro   0x0000000000014d46      0x198 ./Core/Src/stm32f1xx_it.o
 .debug_macro   0x0000000000014ede      0x184 ./Core/Src/system_stm32f1xx.o
 .debug_macro   0x0000000000015062      0x1a8 ./Drivers/STM32F1xx_HAL_Driver/Src/stm32f1xx_hal.o

.debug_line     0x0000000000000000     0x1ea6
 .debug_line    0x0000000000000000      0x7b9 ./Core/Src/main.o
 .debug_line    0x00000000000007b9      0x6eb ./Core/Src/stm32f1xx_it.o
 .debug_line    0x0000000000000ea4      0x6a7 ./Core/Src/system_stm32f1xx.o
 .debug_line    0x000000000000154b       0x87 ./Core/Startup/startup_stm32f103c8tx.o
 .debug_line    0x00000000000015d2      0x8d4 ./Drivers/STM32F1xx_HAL_Driver/Src/stm32f1xx_hal.o

.debug_str      0x0000000000000000    0x7b108
 .debug_str     0x0000000000000000    0x7a954 ./Core/Src/main.o
                                      0x7ac88 (size before relaxing)
 .debug_str     0x000000000007a954       0xc9 ./Core/Src/stm32f1xx_it.o
                                      0x7aa9d (size before relaxing)
 .debug_str     0x000000000007aa1d       0x88 ./Core/Src/system_stm32f1xx.o
                                      0x7aab3 (size before relaxing)
 .debug_str     0x000000000007aaa5       0x36 ./Core/Startup/startup_stm32f103c8tx.o
                                         0x66 (size before relaxing)
 .debug_str     0x000000000007aadb      0x62d ./Drivers/STM32F1xx_HAL_Driver/Src/stm32f1xx_hal.o
                                      0x7b1e6 (size before relaxing)

.comment        0x0000000000000000       0x50
 .comment       0x0000000000000000       0x50 ./Core/Src/main.o
                                         0x51 (size before relaxing)
 .comment       0x0000000000000050       0x51 ./Core/Src/stm32f1xx_it.o
 .comment       0x0000000000000050       0x51 ./Core/Src/system_stm32f1xx.o
 .comment       0x0000000000000050       0x51 ./Drivers/STM32F1xx_HAL_Driver/Src/stm32f1xx_hal.o

.debug_frame    0x0000000000000000      0x5ac
 .debug_frame   0x0000000000000000       0xf0 ./Core/Src/main.o
 .debug_frame   0x00000000000000f0      0x104 ./Core/Src/stm32f1xx_it.o
 .debug_frame   0x00000000000001f4       0x58 ./Core/Src/system_stm32f1xx.o
 .debug_frame   0x000000000000024c      0x334 ./Drivers/STM32F1xx_HAL_Driver/Src/stm32f1xx_hal.o
 .debug_frame   0x0000000000000580       0x2c c:/st/stm32cubeide_1.10.1/stm32cubeide/plugins/com.st.stm32cube.ide.mcu.externaltools.gnu-tools-for-stm32.10.3-2021.10.win32_1.0.0.202111181127/tools/bin/../lib/gcc/arm-none-eabi/10.3.1/../../../../arm-none-eabi/lib/thumb/v7-m/nofp\libc_nano.a(lib_a-init.o)
