../Core/Src/main.c:30:5:main	8	static
../Core/Src/main.c:75:6:BUTTON_1	8	static
../Core/Src/main.c:91:6:BUTTON_2	8	static
../Core/Src/main.c:108:6:BUTTON_3	8	static
../Core/Src/main.c:125:6:BUTTON_F_1	8	static
../Core/Src/main.c:140:6:BUTTON_4	8	static
../Core/Src/main.c:156:6:BUTTON_5	8	static
../Core/Src/main.c:172:6:BUTTON_6	8	static
../Core/Src/main.c:188:6:BUTTON_F_2	8	static
../Core/Src/main.c:203:6:BUTTON_7	8	static
../Core/Src/main.c:219:6:BUTTON_8	8	static
../Core/Src/main.c:235:6:BUTTON_9	8	static
../Core/Src/main.c:252:6:BUTTON_F_3	8	static
../Core/Src/main.c:267:6:BUTTON_STAR_	8	static
../Core/Src/main.c:283:6:BUTTON_0	8	static
../Core/Src/main.c:299:6:BUTTON_HASH_	8	static
../Core/Src/main.c:317:6:BUTTON_F_4	8	static
../Core/Src/main.c:335:6:SystemClock_Config	72	static
../Core/Src/main.c:372:13:MX_I2C1_Init	8	static
../Core/Src/main.c:406:13:MX_GPIO_Init	16	static
../Core/Src/main.c:423:6:Error_Handler	4	static,ignoring_inline_asm
