../Core/Src/main.c:43:5:main	8	static
../Core/Src/main.c:91:6:BUTTON_1	4	static
../Core/Src/main.c:99:6:BUTTON_2	4	static
../Core/Src/main.c:110:6:BUTTON_3	4	static
../Core/Src/main.c:121:6:BUTTON_F_1	4	static
../Core/Src/main.c:130:6:BUTTON_4	4	static
../Core/Src/main.c:140:6:BUTTON_5	4	static
../Core/Src/main.c:150:6:BUTTON_6	4	static
../Core/Src/main.c:161:6:BUTTON_F_2	4	static
../Core/Src/main.c:170:6:BUTTON_7	4	static
../Core/Src/main.c:180:6:BUTTON_8	4	static
../Core/Src/main.c:190:6:BUTTON_9	4	static
../Core/Src/main.c:201:6:BUTTON_F_3	4	static
../Core/Src/main.c:210:6:BUTTON_STAR_	4	static
../Core/Src/main.c:220:6:BUTTON_0	4	static
../Core/Src/main.c:230:6:BUTTON_HASH_	4	static
../Core/Src/main.c:241:6:BUTTON_F_4	4	static
../Core/Src/main.c:250:6:SystemClock_Config	72	static
../Core/Src/main.c:290:6:Error_Handler	4	static,ignoring_inline_asm
